#-----------------------------------------------------------
# Vivado v2018.3 (64-bit)
# SW Build 2405991 on Thu Dec  6 23:38:27 MST 2018
# IP Build 2404404 on Fri Dec  7 01:43:56 MST 2018
# Start of session at: Thu Apr  9 17:38:13 2020
# Process ID: 12732
# Current directory: C:/Users/jawoo/Desktop/Logic/DL202010_Woods/Lab 10/Lab 10
# Command line: vivado.exe -gui_launcher_event rodinguilauncherevent19556 C:\Users\jawoo\Desktop\Logic\DL202010_Woods\Lab 10\Lab 10\Lab 10.xpr
# Log file: C:/Users/jawoo/Desktop/Logic/DL202010_Woods/Lab 10/Lab 10/vivado.log
# Journal file: C:/Users/jawoo/Desktop/Logic/DL202010_Woods/Lab 10/Lab 10\vivado.jou
#-----------------------------------------------------------
start_gui
open_project {C:/Users/jawoo/Desktop/Logic/DL202010_Woods/Lab 10/Lab 10/Lab 10.xpr}
update_compile_order -fileset sources_1
reorder_files -fileset constrs_1 -before {C:/Users/jawoo/Desktop/Logic/DL202010_Woods/Lab 10/Lab 10/sseg.xdc} {{C:/Users/jawoo/Desktop/Logic/DL202010_Woods/Lab 10/Lab 10/sseg.xdc}}
reset_run synth_1
launch_runs impl_1 -to_step write_bitstream -jobs 6
wait_on_run impl_1
reset_run synth_1
launch_runs impl_1 -to_step write_bitstream -jobs 6
wait_on_run impl_1
reset_run synth_1
launch_runs impl_1 -to_step write_bitstream -jobs 6
wait_on_run impl_1
open_hw
import_files -fileset constrs_1 {{C:/Users/jawoo/Desktop/Logic/DL202010_Woods/Lab 10/Lab 10/btnC.xdc} {C:/Users/jawoo/Desktop/Logic/DL202010_Woods/Lab 10/Lab 10/btnD.xdc} {C:/Users/jawoo/Desktop/Logic/DL202010_Woods/Lab 10/Lab 10/btnU.xdc} {C:/Users/jawoo/Desktop/Logic/DL202010_Woods/Lab 10/Lab 10/clock.xdc} {C:/Users/jawoo/Desktop/Logic/DL202010_Woods/Lab 10/Lab 10/led.xdc} {C:/Users/jawoo/Desktop/Logic/DL202010_Woods/Lab 10/Lab 10/switches.xdc} {C:/Users/jawoo/Desktop/Logic/DL202010_Woods/Lab 10/Lab 10/sseg.xdc}}
reset_run impl_1 -prev_step 
launch_runs impl_1 -to_step write_bitstream -jobs 6
wait_on_run impl_1
close_hw
reset_run impl_1 -prev_step 
launch_runs impl_1 -to_step write_bitstream -jobs 6
wait_on_run impl_1
reorder_files -fileset constrs_1 -after {C:/Users/jawoo/Desktop/Logic/DL202010_Woods/Lab 10/Lab 10/Lab 10.srcs/constrs_1/imports/Lab 10/led.xdc} {{C:/Users/jawoo/Desktop/Logic/DL202010_Woods/Lab 10/Lab 10/Lab 10.srcs/constrs_1/imports/Lab 10/sseg.xdc}}
export_ip_user_files -of_objects  [get_files {{C:/Users/jawoo/Desktop/Logic/DL202010_Woods/Lab 10/Lab 10/Lab 10.srcs/constrs_1/imports/Lab 10/btnC.xdc}}] -no_script -reset -force -quiet
remove_files  -fileset constrs_1 {{C:/Users/jawoo/Desktop/Logic/DL202010_Woods/Lab 10/Lab 10/Lab 10.srcs/constrs_1/imports/Lab 10/btnC.xdc}}
export_ip_user_files -of_objects  [get_files {{C:/Users/jawoo/Desktop/Logic/DL202010_Woods/Lab 10/Lab 10/Lab 10.srcs/constrs_1/imports/Lab 10/btnD.xdc}}] -no_script -reset -force -quiet
remove_files  -fileset constrs_1 {{C:/Users/jawoo/Desktop/Logic/DL202010_Woods/Lab 10/Lab 10/Lab 10.srcs/constrs_1/imports/Lab 10/btnD.xdc}}
export_ip_user_files -of_objects  [get_files {{C:/Users/jawoo/Desktop/Logic/DL202010_Woods/Lab 10/Lab 10/Lab 10.srcs/constrs_1/imports/Lab 10/btnU.xdc}}] -no_script -reset -force -quiet
remove_files  -fileset constrs_1 {{C:/Users/jawoo/Desktop/Logic/DL202010_Woods/Lab 10/Lab 10/Lab 10.srcs/constrs_1/imports/Lab 10/btnU.xdc}}
export_ip_user_files -of_objects  [get_files {{C:/Users/jawoo/Desktop/Logic/DL202010_Woods/Lab 10/Lab 10/Lab 10.srcs/constrs_1/imports/Lab 10/clock.xdc}}] -no_script -reset -force -quiet
remove_files  -fileset constrs_1 {{C:/Users/jawoo/Desktop/Logic/DL202010_Woods/Lab 10/Lab 10/Lab 10.srcs/constrs_1/imports/Lab 10/clock.xdc}}
export_ip_user_files -of_objects  [get_files {{C:/Users/jawoo/Desktop/Logic/DL202010_Woods/Lab 10/Lab 10/Lab 10.srcs/constrs_1/imports/Lab 10/led.xdc}}] -no_script -reset -force -quiet
remove_files  -fileset constrs_1 {{C:/Users/jawoo/Desktop/Logic/DL202010_Woods/Lab 10/Lab 10/Lab 10.srcs/constrs_1/imports/Lab 10/led.xdc}}
export_ip_user_files -of_objects  [get_files {{C:/Users/jawoo/Desktop/Logic/DL202010_Woods/Lab 10/Lab 10/Lab 10.srcs/constrs_1/imports/Lab 10/switches.xdc}}] -no_script -reset -force -quiet
remove_files  -fileset constrs_1 {{C:/Users/jawoo/Desktop/Logic/DL202010_Woods/Lab 10/Lab 10/Lab 10.srcs/constrs_1/imports/Lab 10/switches.xdc}}
export_ip_user_files -of_objects  [get_files {{C:/Users/jawoo/Desktop/Logic/DL202010_Woods/Lab 10/Lab 10/Lab 10.srcs/constrs_1/imports/Lab 10/sseg.xdc}}] -no_script -reset -force -quiet
remove_files  -fileset constrs_1 {{C:/Users/jawoo/Desktop/Logic/DL202010_Woods/Lab 10/Lab 10/Lab 10.srcs/constrs_1/imports/Lab 10/sseg.xdc}}
add_files -fileset constrs_1 -norecurse {{C:/Users/jawoo/Desktop/Logic/DL202010_Woods/Lab 10/Lab 10/btnC.xdc} {C:/Users/jawoo/Desktop/Logic/DL202010_Woods/Lab 10/Lab 10/btnD.xdc} {C:/Users/jawoo/Desktop/Logic/DL202010_Woods/Lab 10/Lab 10/btnU.xdc} {C:/Users/jawoo/Desktop/Logic/DL202010_Woods/Lab 10/Lab 10/clock.xdc} {C:/Users/jawoo/Desktop/Logic/DL202010_Woods/Lab 10/Lab 10/led.xdc} {C:/Users/jawoo/Desktop/Logic/DL202010_Woods/Lab 10/Lab 10/sseg.xdc} {C:/Users/jawoo/Desktop/Logic/DL202010_Woods/Lab 10/Lab 10/switches.xdc}}
import_files -fileset constrs_1 -force {{C:/Users/jawoo/Desktop/Logic/DL202010_Woods/Lab 10/Lab 10/btnC.xdc} {C:/Users/jawoo/Desktop/Logic/DL202010_Woods/Lab 10/Lab 10/btnD.xdc} {C:/Users/jawoo/Desktop/Logic/DL202010_Woods/Lab 10/Lab 10/btnU.xdc} {C:/Users/jawoo/Desktop/Logic/DL202010_Woods/Lab 10/Lab 10/clock.xdc} {C:/Users/jawoo/Desktop/Logic/DL202010_Woods/Lab 10/Lab 10/led.xdc} {C:/Users/jawoo/Desktop/Logic/DL202010_Woods/Lab 10/Lab 10/sseg.xdc} {C:/Users/jawoo/Desktop/Logic/DL202010_Woods/Lab 10/Lab 10/switches.xdc}}
reset_run synth_1
launch_runs impl_1 -to_step write_bitstream -jobs 6
wait_on_run impl_1
reset_run impl_1 -prev_step 
launch_runs impl_1 -to_step write_bitstream -jobs 6
wait_on_run impl_1
reset_run impl_1 -prev_step 
launch_runs impl_1 -to_step write_bitstream -jobs 6
wait_on_run impl_1
export_ip_user_files -of_objects  [get_files C:/Users/jawoo/Desktop/Logic/DL202010_MMWJ/Lab8/Lab8.srcs/sources_1/new/bcd11.sv] -no_script -reset -force -quiet
remove_files  C:/Users/jawoo/Desktop/Logic/DL202010_MMWJ/Lab8/Lab8.srcs/sources_1/new/bcd11.sv
export_ip_user_files -of_objects  [get_files C:/Users/jawoo/Desktop/Logic/DL202010_MMWJ/Lab8/Lab8.srcs/sources_1/new/mux2.sv] -no_script -reset -force -quiet
remove_files  C:/Users/jawoo/Desktop/Logic/DL202010_MMWJ/Lab8/Lab8.srcs/sources_1/new/mux2.sv
export_ip_user_files -of_objects  [get_files C:/Users/jawoo/Desktop/Logic/DL202010_MMWJ/Lab8/Lab8.srcs/sources_1/new/mux4.sv] -no_script -reset -force -quiet
remove_files  C:/Users/jawoo/Desktop/Logic/DL202010_MMWJ/Lab8/Lab8.srcs/sources_1/new/mux4.sv
export_ip_user_files -of_objects  [get_files C:/Users/jawoo/Desktop/Logic/DL202010_MMWJ/Lab8/Lab8.srcs/sources_1/new/sseg_decoder.sv] -no_script -reset -force -quiet
remove_files  C:/Users/jawoo/Desktop/Logic/DL202010_MMWJ/Lab8/Lab8.srcs/sources_1/new/sseg_decoder.sv
update_compile_order -fileset sources_1
export_ip_user_files -of_objects  [get_files C:/Users/jawoo/Desktop/Logic/DL202010_MMWJ/Lab8/Lab8.srcs/sources_1/new/an_decoder.sv] -no_script -reset -force -quiet
remove_files  C:/Users/jawoo/Desktop/Logic/DL202010_MMWJ/Lab8/Lab8.srcs/sources_1/new/an_decoder.sv
add_files -norecurse -scan_for_includes {{C:/Users/jawoo/Desktop/Logic/DL202010_Woods/Lab 10/Lab 10/Lab 10.srcs/sources_1/new/mux2.sv} {C:/Users/jawoo/Desktop/Logic/DL202010_Woods/Lab 10/Lab 10/Lab 10.srcs/sources_1/new/an_decoder.sv} {C:/Users/jawoo/Desktop/Logic/DL202010_Woods/Lab 10/Lab 10/Lab 10.srcs/sources_1/new/mux4.sv} {C:/Users/jawoo/Desktop/Logic/DL202010_Woods/Lab 10/Lab 10/Lab 10.srcs/sources_1/new/bcd11.sv} {C:/Users/jawoo/Desktop/Logic/DL202010_Woods/Lab 10/Lab 10/Lab 10.srcs/sources_1/new/add3.sv} {C:/Users/jawoo/Desktop/Logic/DL202010_Woods/Lab 10/Lab 10/Lab 10.srcs/sources_1/new/sseg_decoder.sv}}
update_compile_order -fileset sources_1
reset_run synth_1
launch_runs synth_1 -jobs 6
wait_on_run synth_1
export_ip_user_files -of_objects  [get_files C:/Users/jawoo/Desktop/Logic/DL202010_MMWJ/Lab8/Lab8.srcs/sources_1/new/add3.sv] -no_script -reset -force -quiet
remove_files  C:/Users/jawoo/Desktop/Logic/DL202010_MMWJ/Lab8/Lab8.srcs/sources_1/new/add3.sv
reset_run synth_1
launch_runs synth_1 -jobs 6
wait_on_run synth_1
create_run synth_2 -flow {Vivado Synthesis 2018} -strategy {Vivado Synthesis Defaults} -report_strategy {Vivado Synthesis Default Reports}
current_run [get_runs synth_2]
set_property board_part digilentinc.com:basys3:part0:1.1 [current_project]
launch_runs impl_2 -to_step write_bitstream -jobs 6
wait_on_run impl_2
open_hw
connect_hw_server
open_hw_target
set_property PROGRAM.FILE {C:/Users/jawoo/Desktop/Logic/DL202010_Woods/Lab 10/Lab 10/Lab 10.runs/impl_2/calc_lab10.bit} [get_hw_devices xc7a35t_0]
current_hw_device [get_hw_devices xc7a35t_0]
refresh_hw_device -update_hw_probes false [lindex [get_hw_devices xc7a35t_0] 0]
set_property PROBES.FILE {} [get_hw_devices xc7a35t_0]
set_property FULL_PROBES.FILE {} [get_hw_devices xc7a35t_0]
set_property PROGRAM.FILE {C:/Users/jawoo/Desktop/Logic/DL202010_Woods/Lab 10/Lab 10/Lab 10.runs/impl_2/calc_lab10.bit} [get_hw_devices xc7a35t_0]
program_hw_devices [get_hw_devices xc7a35t_0]
refresh_hw_device [lindex [get_hw_devices xc7a35t_0] 0]
